TAP version 13
# Subtest: migration uses the existing production and master tables
not ok 1 - migration uses the existing production and master tables
  ---
  duration_ms: 1.484189
  type: 'test'
  location: '/mnt/data/production-buy-more/tests/contracts.test.mjs:5:1'
  failureType: 'testCodeFailure'
  error: 'Workflow migration is missing'
  code: 'ERR_ASSERTION'
  name: 'AssertionError'
  expected: true
  actual: false
  operator: '=='
  stack: |-
    TestContext.<anonymous> (file:///mnt/data/production-buy-more/tests/contracts.test.mjs:6:10)
    Test.runInAsyncScope (node:async_hooks:214:14)
    Test.run (node:internal/test_runner/test:1047:25)
    Test.start (node:internal/test_runner/test:944:17)
    startSubtestAfterBootstrap (node:internal/test_runner/harness:296:17)
  ...
# Subtest: read and mutation contracts exist with version and scope protection
not ok 2 - read and mutation contracts exist with version and scope protection
  ---
  duration_ms: 1.61369
  type: 'test'
  location: '/mnt/data/production-buy-more/tests/contracts.test.mjs:13:1'
  failureType: 'testCodeFailure'
  error: 'Workflow migration is missing'
  code: 'ERR_ASSERTION'
  name: 'AssertionError'
  expected: true
  actual: false
  operator: '=='
  stack: |-
    TestContext.<anonymous> (file:///mnt/data/production-buy-more/tests/contracts.test.mjs:14:10)
    Test.runInAsyncScope (node:async_hooks:214:14)
    Test.run (node:internal/test_runner/test:1047:25)
    Test.processPendingSubtests (node:internal/test_runner/test:744:18)
    Test.postRun (node:internal/test_runner/test:1173:19)
    Test.run (node:internal/test_runner/test:1101:12)
    async startSubtestAfterBootstrap (node:internal/test_runner/harness:296:3)
  ...
1..2
# tests 2
# suites 0
# pass 0
# fail 2
# cancelled 0
# skipped 0
# todo 0
# duration_ms 56.109627
